Initialized native services in: C:\Users\Eduardo Pratas\.gradle\native
Initialized jansi services in: C:\Users\Eduardo Pratas\.gradle\native
Received JVM installation metadata from 'C:\Program Files\Eclipse Adoptium\jdk-21.0.6.7-hotspot': {JAVA_HOME=C:\Program Files\Eclipse Adoptium\jdk-21.0.6.7-hotspot, JAVA_VERSION=21.0.6, JAVA_VENDOR=Eclipse Adoptium, RUNTIME_NAME=OpenJDK Runtime Environment, RUNTIME_VERSION=21.0.6+7-LTS, VM_NAME=OpenJDK 64-Bit Server VM, VM_VERSION=21.0.6+7-LTS, VM_VENDOR=Eclipse Adoptium, OS_ARCH=amd64}
The client will now receive all logging from the daemon (pid: 14416). The daemon log file: C:\Users\Eduardo Pratas\.gradle\daemon\8.10\daemon-14416.out.log
Starting 48th build in daemon [uptime: 4 hrs 40 mins 39.407 secs, performance: 100%, GC rate: 0.00/s, heap usage: 5% of 512 MiB, non-heap usage: 33% of 384 MiB]
Using 16 worker leases.
Now considering [C:\Users\Eduardo Pratas\IdeaProjects\accelerate_runner] as hierarchies to watch
Watching the file system is configured to be enabled if available
File system watching is active
Starting Build
Settings evaluated using settings file 'C:\Users\Eduardo Pratas\IdeaProjects\accelerate_runner\settings.gradle'.
Projects loaded. Root project using build file 'C:\Users\Eduardo Pratas\IdeaProjects\accelerate_runner\build.gradle.kts'.
Included projects: [root project 'accelerate_runner']

> Configure project :
Evaluating root project 'accelerate_runner' using build file 'C:\Users\Eduardo Pratas\IdeaProjects\accelerate_runner\build.gradle.kts'.
Transforming kotlin-gradle-plugin-model-2.0.21.jar (org.jetbrains.kotlin:kotlin-gradle-plugin-model:2.0.21) with InstrumentationAnalysisTransform
Transforming kotlin-gradle-plugin-api-2.0.21.jar (org.jetbrains.kotlin:kotlin-gradle-plugin-api:2.0.21) with InstrumentationAnalysisTransform
Transforming kotlin-gradle-plugin-2.0.21-gradle85.jar (org.jetbrains.kotlin:kotlin-gradle-plugin:2.0.21) with InstrumentationAnalysisTransform
Transforming kotlin-gradle-plugin-idea-proto-2.0.21.jar (org.jetbrains.kotlin:kotlin-gradle-plugin-idea-proto:2.0.21) with InstrumentationAnalysisTransform
Transforming kotlin-gradle-plugin-idea-2.0.21.jar (org.jetbrains.kotlin:kotlin-gradle-plugin-idea:2.0.21) with InstrumentationAnalysisTransform
Transforming kotlin-klib-commonizer-api-2.0.21.jar (org.jetbrains.kotlin:kotlin-klib-commonizer-api:2.0.21) with InstrumentationAnalysisTransform
Transforming kotlin-build-statistics-2.0.21.jar (org.jetbrains.kotlin:kotlin-build-statistics:2.0.21) with InstrumentationAnalysisTransform
Transforming kotlin-build-tools-api-2.0.21.jar (org.jetbrains.kotlin:kotlin-build-tools-api:2.0.21) with InstrumentationAnalysisTransform
Transforming kotlin-compiler-runner-2.0.21.jar (org.jetbrains.kotlin:kotlin-compiler-runner:2.0.21) with InstrumentationAnalysisTransform
Transforming kotlin-native-utils-2.0.21.jar (org.jetbrains.kotlin:kotlin-native-utils:2.0.21) with InstrumentationAnalysisTransform
Transforming kotlin-util-klib-2.0.21.jar (org.jetbrains.kotlin:kotlin-util-klib:2.0.21) with InstrumentationAnalysisTransform
Transforming kotlin-compiler-embeddable-2.0.21.jar (org.jetbrains.kotlin:kotlin-compiler-embeddable:2.0.21) with InstrumentationAnalysisTransform
Transforming kotlin-gradle-plugin-annotations-2.0.21.jar (org.jetbrains.kotlin:kotlin-gradle-plugin-annotations:2.0.21) with InstrumentationAnalysisTransform
Transforming kotlin-tooling-core-2.0.21.jar (org.jetbrains.kotlin:kotlin-tooling-core:2.0.21) with InstrumentationAnalysisTransform
Transforming gson-2.8.9.jar (com.google.code.gson:gson:2.8.9) with InstrumentationAnalysisTransform
Transforming kotlin-daemon-client-2.0.21.jar (org.jetbrains.kotlin:kotlin-daemon-client:2.0.21) with InstrumentationAnalysisTransform
Transforming kotlinx-coroutines-core-jvm-1.6.4.jar (org.jetbrains.kotlinx:kotlinx-coroutines-core-jvm:1.6.4) with InstrumentationAnalysisTransform
Transforming kotlin-util-io-2.0.21.jar (org.jetbrains.kotlin:kotlin-util-io:2.0.21) with InstrumentationAnalysisTransform
Transforming kotlin-daemon-embeddable-2.0.21.jar (org.jetbrains.kotlin:kotlin-daemon-embeddable:2.0.21) with InstrumentationAnalysisTransform
Transforming trove4j-1.0.20200330.jar (org.jetbrains.intellij.deps:trove4j:1.0.20200330) with InstrumentationAnalysisTransform
Transforming kotlin-gradle-plugin-model-2.0.21.jar (org.jetbrains.kotlin:kotlin-gradle-plugin-model:2.0.21) with InstrumentationAnalysisTransform
Transforming kotlin-gradle-plugin-model-2.0.21.jar (org.jetbrains.kotlin:kotlin-gradle-plugin-model:2.0.21) with MergeInstrumentationAnalysisTransform
Transforming kotlin-gradle-plugin-api-2.0.21.jar (org.jetbrains.kotlin:kotlin-gradle-plugin-api:2.0.21) with InstrumentationAnalysisTransform
Transforming kotlin-gradle-plugin-api-2.0.21.jar (org.jetbrains.kotlin:kotlin-gradle-plugin-api:2.0.21) with MergeInstrumentationAnalysisTransform
Transforming kotlin-gradle-plugin-2.0.21-gradle85.jar (org.jetbrains.kotlin:kotlin-gradle-plugin:2.0.21) with InstrumentationAnalysisTransform
Transforming kotlin-gradle-plugin-2.0.21-gradle85.jar (org.jetbrains.kotlin:kotlin-gradle-plugin:2.0.21) with MergeInstrumentationAnalysisTransform
Transforming kotlin-gradle-plugin-model-2.0.21.jar (org.jetbrains.kotlin:kotlin-gradle-plugin-model:2.0.21) with ExternalDependencyInstrumentingArtifactTransform
Transforming kotlin-gradle-plugin-api-2.0.21.jar (org.jetbrains.kotlin:kotlin-gradle-plugin-api:2.0.21) with ExternalDependencyInstrumentingArtifactTransform
Transforming kotlin-gradle-plugin-idea-proto-2.0.21.jar (org.jetbrains.kotlin:kotlin-gradle-plugin-idea-proto:2.0.21) with InstrumentationAnalysisTransform
Transforming kotlin-gradle-plugin-idea-proto-2.0.21.jar (org.jetbrains.kotlin:kotlin-gradle-plugin-idea-proto:2.0.21) with MergeInstrumentationAnalysisTransform
Transforming kotlin-gradle-plugin-2.0.21-gradle85.jar (org.jetbrains.kotlin:kotlin-gradle-plugin:2.0.21) with ExternalDependencyInstrumentingArtifactTransform
Transforming kotlin-gradle-plugin-idea-2.0.21.jar (org.jetbrains.kotlin:kotlin-gradle-plugin-idea:2.0.21) with InstrumentationAnalysisTransform
Transforming kotlin-gradle-plugin-idea-2.0.21.jar (org.jetbrains.kotlin:kotlin-gradle-plugin-idea:2.0.21) with MergeInstrumentationAnalysisTransform
Transforming kotlin-gradle-plugin-idea-proto-2.0.21.jar (org.jetbrains.kotlin:kotlin-gradle-plugin-idea-proto:2.0.21) with ExternalDependencyInstrumentingArtifactTransform
Transforming kotlin-klib-commonizer-api-2.0.21.jar (org.jetbrains.kotlin:kotlin-klib-commonizer-api:2.0.21) with InstrumentationAnalysisTransform
Transforming kotlin-gradle-plugin-idea-2.0.21.jar (org.jetbrains.kotlin:kotlin-gradle-plugin-idea:2.0.21) with ExternalDependencyInstrumentingArtifactTransform
Transforming kotlin-klib-commonizer-api-2.0.21.jar (org.jetbrains.kotlin:kotlin-klib-commonizer-api:2.0.21) with MergeInstrumentationAnalysisTransform
Transforming kotlin-build-statistics-2.0.21.jar (org.jetbrains.kotlin:kotlin-build-statistics:2.0.21) with InstrumentationAnalysisTransform
Transforming kotlin-build-statistics-2.0.21.jar (org.jetbrains.kotlin:kotlin-build-statistics:2.0.21) with MergeInstrumentationAnalysisTransform
Transforming kotlin-klib-commonizer-api-2.0.21.jar (org.jetbrains.kotlin:kotlin-klib-commonizer-api:2.0.21) with ExternalDependencyInstrumentingArtifactTransform
Transforming kotlin-build-tools-api-2.0.21.jar (org.jetbrains.kotlin:kotlin-build-tools-api:2.0.21) with InstrumentationAnalysisTransform
Transforming kotlin-build-tools-api-2.0.21.jar (org.jetbrains.kotlin:kotlin-build-tools-api:2.0.21) with MergeInstrumentationAnalysisTransform
Transforming kotlin-build-statistics-2.0.21.jar (org.jetbrains.kotlin:kotlin-build-statistics:2.0.21) with ExternalDependencyInstrumentingArtifactTransform
Transforming kotlin-compiler-runner-2.0.21.jar (org.jetbrains.kotlin:kotlin-compiler-runner:2.0.21) with InstrumentationAnalysisTransform
Transforming kotlin-compiler-runner-2.0.21.jar (org.jetbrains.kotlin:kotlin-compiler-runner:2.0.21) with MergeInstrumentationAnalysisTransform
Transforming kotlin-build-tools-api-2.0.21.jar (org.jetbrains.kotlin:kotlin-build-tools-api:2.0.21) with ExternalDependencyInstrumentingArtifactTransform
Transforming kotlin-native-utils-2.0.21.jar (org.jetbrains.kotlin:kotlin-native-utils:2.0.21) with InstrumentationAnalysisTransform
Transforming kotlin-compiler-runner-2.0.21.jar (org.jetbrains.kotlin:kotlin-compiler-runner:2.0.21) with ExternalDependencyInstrumentingArtifactTransform
Transforming kotlin-native-utils-2.0.21.jar (org.jetbrains.kotlin:kotlin-native-utils:2.0.21) with MergeInstrumentationAnalysisTransform
Transforming kotlin-util-klib-2.0.21.jar (org.jetbrains.kotlin:kotlin-util-klib:2.0.21) with InstrumentationAnalysisTransform
Transforming kotlin-util-klib-2.0.21.jar (org.jetbrains.kotlin:kotlin-util-klib:2.0.21) with MergeInstrumentationAnalysisTransform
Transforming kotlin-native-utils-2.0.21.jar (org.jetbrains.kotlin:kotlin-native-utils:2.0.21) with ExternalDependencyInstrumentingArtifactTransform
Transforming kotlin-compiler-embeddable-2.0.21.jar (org.jetbrains.kotlin:kotlin-compiler-embeddable:2.0.21) with InstrumentationAnalysisTransform
Transforming kotlin-util-klib-2.0.21.jar (org.jetbrains.kotlin:kotlin-util-klib:2.0.21) with ExternalDependencyInstrumentingArtifactTransform
Transforming kotlin-compiler-embeddable-2.0.21.jar (org.jetbrains.kotlin:kotlin-compiler-embeddable:2.0.21) with MergeInstrumentationAnalysisTransform
Transforming kotlin-gradle-plugin-annotations-2.0.21.jar (org.jetbrains.kotlin:kotlin-gradle-plugin-annotations:2.0.21) with InstrumentationAnalysisTransform
Transforming kotlin-gradle-plugin-annotations-2.0.21.jar (org.jetbrains.kotlin:kotlin-gradle-plugin-annotations:2.0.21) with MergeInstrumentationAnalysisTransform
Transforming kotlin-compiler-embeddable-2.0.21.jar (org.jetbrains.kotlin:kotlin-compiler-embeddable:2.0.21) with ExternalDependencyInstrumentingArtifactTransform
Transforming kotlin-tooling-core-2.0.21.jar (org.jetbrains.kotlin:kotlin-tooling-core:2.0.21) with InstrumentationAnalysisTransform
Transforming kotlin-tooling-core-2.0.21.jar (org.jetbrains.kotlin:kotlin-tooling-core:2.0.21) with MergeInstrumentationAnalysisTransform
Transforming kotlin-gradle-plugin-annotations-2.0.21.jar (org.jetbrains.kotlin:kotlin-gradle-plugin-annotations:2.0.21) with ExternalDependencyInstrumentingArtifactTransform
Transforming gson-2.8.9.jar (com.google.code.gson:gson:2.8.9) with InstrumentationAnalysisTransform
Transforming gson-2.8.9.jar (com.google.code.gson:gson:2.8.9) with MergeInstrumentationAnalysisTransform
Transforming kotlin-tooling-core-2.0.21.jar (org.jetbrains.kotlin:kotlin-tooling-core:2.0.21) with ExternalDependencyInstrumentingArtifactTransform
Transforming kotlin-daemon-client-2.0.21.jar (org.jetbrains.kotlin:kotlin-daemon-client:2.0.21) with InstrumentationAnalysisTransform
Transforming kotlin-daemon-client-2.0.21.jar (org.jetbrains.kotlin:kotlin-daemon-client:2.0.21) with MergeInstrumentationAnalysisTransform
Transforming gson-2.8.9.jar (com.google.code.gson:gson:2.8.9) with ExternalDependencyInstrumentingArtifactTransform
Transforming kotlinx-coroutines-core-jvm-1.6.4.jar (org.jetbrains.kotlinx:kotlinx-coroutines-core-jvm:1.6.4) with InstrumentationAnalysisTransform
Transforming kotlin-daemon-client-2.0.21.jar (org.jetbrains.kotlin:kotlin-daemon-client:2.0.21) with ExternalDependencyInstrumentingArtifactTransform
Transforming kotlinx-coroutines-core-jvm-1.6.4.jar (org.jetbrains.kotlinx:kotlinx-coroutines-core-jvm:1.6.4) with MergeInstrumentationAnalysisTransform
Transforming kotlin-util-io-2.0.21.jar (org.jetbrains.kotlin:kotlin-util-io:2.0.21) with InstrumentationAnalysisTransform
Transforming kotlinx-coroutines-core-jvm-1.6.4.jar (org.jetbrains.kotlinx:kotlinx-coroutines-core-jvm:1.6.4) with ExternalDependencyInstrumentingArtifactTransform
Transforming kotlin-util-io-2.0.21.jar (org.jetbrains.kotlin:kotlin-util-io:2.0.21) with MergeInstrumentationAnalysisTransform
Transforming kotlin-daemon-embeddable-2.0.21.jar (org.jetbrains.kotlin:kotlin-daemon-embeddable:2.0.21) with InstrumentationAnalysisTransform
Transforming kotlin-daemon-embeddable-2.0.21.jar (org.jetbrains.kotlin:kotlin-daemon-embeddable:2.0.21) with MergeInstrumentationAnalysisTransform
Transforming kotlin-util-io-2.0.21.jar (org.jetbrains.kotlin:kotlin-util-io:2.0.21) with ExternalDependencyInstrumentingArtifactTransform
Transforming trove4j-1.0.20200330.jar (org.jetbrains.intellij.deps:trove4j:1.0.20200330) with InstrumentationAnalysisTransform
Transforming kotlin-daemon-embeddable-2.0.21.jar (org.jetbrains.kotlin:kotlin-daemon-embeddable:2.0.21) with ExternalDependencyInstrumentingArtifactTransform
Transforming trove4j-1.0.20200330.jar (org.jetbrains.intellij.deps:trove4j:1.0.20200330) with MergeInstrumentationAnalysisTransform
Transforming trove4j-1.0.20200330.jar (org.jetbrains.intellij.deps:trove4j:1.0.20200330) with ExternalDependencyInstrumentingArtifactTransform
Using Kotlin Gradle Plugin gradle85 variant
kotlin scripting plugin: created the scripting discovery configuration: kotlinScriptDef
kotlin scripting plugin: created the scripting discovery configuration: testKotlinScriptDef
All projects evaluated.
Task name matched 'test'
Selected primary task 'test' from project :
Tasks to be executed: [task ':checkKotlinGradlePluginConfigurationErrors', task ':compileKotlin', task ':compileJava', task ':processResources', task ':classes', task ':jar', task ':compileTestKotlin', task ':compileTestJava', task ':processTestResources', task ':testClasses', task ':test', task ':jacocoTestReport']
Tasks that were excluded: []
Resolve mutations for :checkKotlinGradlePluginConfigurationErrors (Thread[#6978,Execution worker Thread 3,5,main]) started.
:checkKotlinGradlePluginConfigurationErrors (Thread[#6978,Execution worker Thread 3,5,main]) started.

> Task :checkKotlinGradlePluginConfigurationErrors SKIPPED
Skipping task ':checkKotlinGradlePluginConfigurationErrors' as task onlyIf 'errorDiagnostics are present' is false.
Resolve mutations for :compileKotlin (Thread[#6978,Execution worker Thread 3,5,main]) started.
:compileKotlin (Thread[#6976,Execution worker,5,main]) started.

> Task :compileKotlin UP-TO-DATE
Transforming tdl-client-java-0.30.1.jar with BuildToolsApiClasspathEntrySnapshotTransform
Transforming jackson-databind-2.17.3.jar with BuildToolsApiClasspathEntrySnapshotTransform
Transforming jackson-annotations-2.17.3.jar with BuildToolsApiClasspathEntrySnapshotTransform
Transforming jackson-core-2.17.3.jar with BuildToolsApiClasspathEntrySnapshotTransform
Transforming jackson-module-kotlin-2.17.3.jar with BuildToolsApiClasspathEntrySnapshotTransform
Transforming kotlin-reflect-1.7.22.jar with BuildToolsApiClasspathEntrySnapshotTransform
Transforming kotlin-stdlib-2.0.21.jar with BuildToolsApiClasspathEntrySnapshotTransform
Transforming annotations-13.0.jar with BuildToolsApiClasspathEntrySnapshotTransform
Caching disabled for task ':compileKotlin' because:
  Build cache is disabled
Skipping task ':compileKotlin' as it is up-to-date.
Resolve mutations for :compileJava (Thread[#6976,Execution worker,5,main]) started.
:compileJava (Thread[#6986,Execution worker Thread 11,5,main]) started.

> Task :compileJava NO-SOURCE
Skipping task ':compileJava' as it has no source files and no previous output files.
Resolve mutations for :processResources (Thread[#6986,Execution worker Thread 11,5,main]) started.
:processResources (Thread[#6977,Execution worker Thread 2,5,main]) started.

> Task :processResources UP-TO-DATE
Caching disabled for task ':processResources' because:
  Build cache is disabled
  Not worth caching
Skipping task ':processResources' as it is up-to-date.
Resolve mutations for :classes (Thread[#6977,Execution worker Thread 2,5,main]) started.
:classes (Thread[#6988,Execution worker Thread 13,5,main]) started.

> Task :classes UP-TO-DATE
Skipping task ':classes' as it has no actions.
Resolve mutations for :jar (Thread[#6986,Execution worker Thread 11,5,main]) started.
:jar (Thread[#6986,Execution worker Thread 11,5,main]) started.

> Task :jar UP-TO-DATE
Caching disabled for task ':jar' because:
  Build cache is disabled
  Not worth caching
Skipping task ':jar' as it is up-to-date.
Resolve mutations for :compileTestKotlin (Thread[#6986,Execution worker Thread 11,5,main]) started.
:compileTestKotlin (Thread[#6986,Execution worker Thread 11,5,main]) started.

> Task :compileTestKotlin UP-TO-DATE
Transforming main with BuildToolsApiClasspathEntrySnapshotTransform
Transforming main with BuildToolsApiClasspathEntrySnapshotTransform
Transforming tdl-client-java-0.30.1.jar with BuildToolsApiClasspathEntrySnapshotTransform
Transforming jackson-databind-2.17.3.jar with BuildToolsApiClasspathEntrySnapshotTransform
Transforming jackson-annotations-2.17.3.jar with BuildToolsApiClasspathEntrySnapshotTransform
Transforming jackson-core-2.17.3.jar with BuildToolsApiClasspathEntrySnapshotTransform
Transforming jackson-module-kotlin-2.17.3.jar with BuildToolsApiClasspathEntrySnapshotTransform
Transforming kotlin-test-junit5-2.0.21.jar with BuildToolsApiClasspathEntrySnapshotTransform
Transforming kotlin-test-2.0.21.jar with BuildToolsApiClasspathEntrySnapshotTransform
Transforming kotlin-reflect-1.7.22.jar with BuildToolsApiClasspathEntrySnapshotTransform
Transforming kotlin-stdlib-2.0.21.jar with BuildToolsApiClasspathEntrySnapshotTransform
Transforming junit-platform-suite-api-1.10.3.jar with BuildToolsApiClasspathEntrySnapshotTransform
Transforming junit-jupiter-5.10.3.jar with BuildToolsApiClasspathEntrySnapshotTransform
Transforming cucumber-junit-platform-engine-7.18.1.jar with BuildToolsApiClasspathEntrySnapshotTransform
Transforming junit-platform-engine-1.10.3.jar with BuildToolsApiClasspathEntrySnapshotTransform
Transforming junit-jupiter-params-5.10.3.jar with BuildToolsApiClasspathEntrySnapshotTransform
Transforming junit-jupiter-api-5.10.3.jar with BuildToolsApiClasspathEntrySnapshotTransform
Transforming junit-platform-commons-1.10.3.jar with BuildToolsApiClasspathEntrySnapshotTransform
Transforming cucumber-java-7.18.1.jar with BuildToolsApiClasspathEntrySnapshotTransform
Transforming cucumber-picocontainer-7.18.1.jar with BuildToolsApiClasspathEntrySnapshotTransform
Transforming annotations-13.0.jar with BuildToolsApiClasspathEntrySnapshotTransform
Transforming cucumber-core-7.18.1.jar with BuildToolsApiClasspathEntrySnapshotTransform
Transforming cucumber-expressions-17.1.0.jar with BuildToolsApiClasspathEntrySnapshotTransform
Transforming datatable-7.18.1.jar with BuildToolsApiClasspathEntrySnapshotTransform
Transforming cucumber-gherkin-messages-7.18.1.jar with BuildToolsApiClasspathEntrySnapshotTransform
Transforming cucumber-gherkin-7.18.1.jar with BuildToolsApiClasspathEntrySnapshotTransform
Transforming cucumber-plugin-7.18.1.jar with BuildToolsApiClasspathEntrySnapshotTransform
Transforming docstring-7.18.1.jar with BuildToolsApiClasspathEntrySnapshotTransform
Transforming apiguardian-api-1.1.2.jar with BuildToolsApiClasspathEntrySnapshotTransform
Transforming picocontainer-2.15.jar with BuildToolsApiClasspathEntrySnapshotTransform
Transforming testng-xml-formatter-0.2.0.jar with BuildToolsApiClasspathEntrySnapshotTransform
Transforming html-formatter-21.4.1.jar with BuildToolsApiClasspathEntrySnapshotTransform
Transforming junit-xml-formatter-0.5.0.jar with BuildToolsApiClasspathEntrySnapshotTransform
Transforming gherkin-28.0.0.jar with BuildToolsApiClasspathEntrySnapshotTransform
Transforming query-12.2.0.jar with BuildToolsApiClasspathEntrySnapshotTransform
Transforming messages-24.1.0.jar with BuildToolsApiClasspathEntrySnapshotTransform
Transforming tag-expressions-6.1.0.jar with BuildToolsApiClasspathEntrySnapshotTransform
Transforming ci-environment-10.0.1.jar with BuildToolsApiClasspathEntrySnapshotTransform
Transforming opentest4j-1.3.0.jar with BuildToolsApiClasspathEntrySnapshotTransform
Caching disabled for task ':compileTestKotlin' because:
  Build cache is disabled
Skipping task ':compileTestKotlin' as it is up-to-date.
Resolve mutations for :compileTestJava (Thread[#6986,Execution worker Thread 11,5,main]) started.
:compileTestJava (Thread[#6986,Execution worker Thread 11,5,main]) started.

> Task :compileTestJava NO-SOURCE
Skipping task ':compileTestJava' as it has no source files and no previous output files.
Resolve mutations for :processTestResources (Thread[#6986,Execution worker Thread 11,5,main]) started.
:processTestResources (Thread[#6986,Execution worker Thread 11,5,main]) started.

> Task :processTestResources UP-TO-DATE
Caching disabled for task ':processTestResources' because:
  Build cache is disabled
  Not worth caching
Skipping task ':processTestResources' as it is up-to-date.
Resolve mutations for :testClasses (Thread[#6986,Execution worker Thread 11,5,main]) started.
:testClasses (Thread[#6986,Execution worker Thread 11,5,main]) started.

> Task :testClasses UP-TO-DATE
Skipping task ':testClasses' as it has no actions.
Resolve mutations for :test (Thread[#6986,Execution worker Thread 11,5,main]) started.
:test (Thread[#6986,Execution worker Thread 11,5,main]) started.

> Task :test
Custom actions are attached to task ':test'.
Caching disabled for task ':test' because:
  Build cache is disabled
Task ':test' is not up-to-date because:
  Value of input property 'filter.commandLineIncludePatterns' has changed for task ':test'
file or directory 'C:\Users\Eduardo Pratas\IdeaProjects\accelerate_runner\build\classes\java\test', not found
Starting process 'Gradle Test Executor 34'. Working directory: C:\Users\Eduardo Pratas\IdeaProjects\accelerate_runner Command: C:\Program Files\Eclipse Adoptium\jdk-21.0.6.7-hotspot\bin\java.exe -Dcucumber.junit-platform.naming-strategy=long -Dorg.gradle.internal.worker.tmpdir=C:\Users\Eduardo Pratas\IdeaProjects\accelerate_runner\build\tmp\test\work -javaagent:C:\Users\Eduardo Pratas\IdeaProjects\accelerate_runner\build\tmp\.cache\expanded\zip_ff7bf8f04f99dc306508d1c81e47a68b\jacocoagent.jar=destfile=build/jacoco/test.exec,append=true,inclnolocationclasses=false,dumponexit=true,output=file,jmx=false @C:\Users\Eduardo Pratas\.gradle\.tmp\gradle-worker-classpath12844662245257086772txt -Xmx512m -Dfile.encoding=UTF-8 -Duser.country=PT -Duser.language=pt -Duser.variant -ea worker.org.gradle.process.internal.worker.GradleWorkerMain 'Gradle Test Executor 34'
Successfully started process 'Gradle Test Executor 34'

Gradle Test Executor 34 started executing tests.
Gradle Test Executor 34 finished executing tests.

> Task :test

HelloSolutionTest > dumpHello() FAILED
    org.opentest4j.AssertionFailedError: expected: <Hello, Alice!> but was: <Hello, World!>
        at app//org.junit.jupiter.api.AssertionFailureBuilder.build(AssertionFailureBuilder.java:151)
        at app//org.junit.jupiter.api.AssertionFailureBuilder.buildAndThrow(AssertionFailureBuilder.java:132)
        at app//org.junit.jupiter.api.AssertEquals.failNotEqual(AssertEquals.java:197)
        at app//org.junit.jupiter.api.AssertEquals.assertEquals(AssertEquals.java:182)
        at app//org.junit.jupiter.api.AssertEquals.assertEquals(AssertEquals.java:177)
        at app//org.junit.jupiter.api.Assertions.assertEquals(Assertions.java:1145)
        at app//solutions.HLO.HelloSolutionTest.dumpHello(HelloSolutionTest.kt:9)
Finished generating test XML results (0.006 secs) into: C:\Users\Eduardo Pratas\IdeaProjects\accelerate_runner\build\test-results\test
Generating HTML test report...
Finished generating test html results (0.014 secs) into: C:\Users\Eduardo Pratas\IdeaProjects\accelerate_runner\build\reports\tests\test
There were failing tests. See the report at: file:///C:/Users/Eduardo%20Pratas/IdeaProjects/accelerate_runner/build/reports/tests/test/index.html
Resolve mutations for :jacocoTestReport (Thread[#6986,Execution worker Thread 11,5,main]) started.
:jacocoTestReport (Thread[#6975,included builds,5,main]) started.

> Task :jacocoTestReport
Caching disabled for task ':jacocoTestReport' because:
  Build cache is disabled
Task ':jacocoTestReport' is not up-to-date because:
  Input property 'executionData' file C:\Users\Eduardo Pratas\IdeaProjects\accelerate_runner\build\jacoco\test.exec has changed.
[ant:jacocoReport] Loading execution data file C:\Users\Eduardo Pratas\IdeaProjects\accelerate_runner\build\jacoco\test.exec
[ant:jacocoReport] Writing bundle 'accelerate_runner' with 22 classes

BUILD SUCCESSFUL in 8s
7 actionable tasks: 2 executed, 5 up-to-date
Watched directory hierarchies: [C:\Users\Eduardo Pratas\IdeaProjects\accelerate_runner]
